{
 "matches": [
  {
   "vulnerability": {
    "id": "CVE-1999-0001",
    "description": "1999-01 description",
    "cvssV3": {
     "baseScore": 4,
     "vector": "another vector"
    },
    "fixedInVersion": "the-next-version"
   },
   "matchDetails": {
    "matcher": "dpkg-matcher",
    "searchKey": {
     "distro": {
      "type": "ubuntu",
      "version": "20.04"
     }
    },
    "matchedOn": {
     "constraint": ">= 20"
    }
   },
   "artifact": {
    "name": "package-1",
    "version": "1.1.1",
    "type": "deb",
    "locations": [
     {
      "path": "/somefile-1.txt",
      "layerID": "sha256:e158b57d6f5a96ef5fd22f2fe76c70b5ba6ff5b2619f9d83125b2aad0492ac7b"
     }
    ],
    "language": "",
    "licenses": null,
    "cpes": null,
    "purl": ""
   }
  },
  {
   "vulnerability": {
    "id": "CVE-1999-0002",
    "description": "1999-02 description",
    "cvssV2": {
     "baseScore": 1,
     "exploitabilityScore": 2,
     "impactScore": 3,
     "vector": "vector"
    }
   },
   "matchDetails": {
    "matcher": "dpkg-matcher",
    "searchKey": {
     "cpe": "somecpe"
    },
    "matchedOn": {
     "constraint": "somecpe"
    }
   },
   "artifact": {
    "name": "package-1",
    "version": "1.1.1",
    "type": "deb",
    "locations": [
     {
      "path": "/somefile-1.txt",
      "layerID": "sha256:e158b57d6f5a96ef5fd22f2fe76c70b5ba6ff5b2619f9d83125b2aad0492ac7b"
     }
    ],
    "language": "",
    "licenses": null,
    "cpes": null,
    "purl": ""
   }
  },
  {
   "vulnerability": {
    "id": "CVE-1999-0003",
    "description": "1999-03 description",
    "fixedInVersion": "the-other-next-version"
   },
   "matchDetails": {
    "matcher": "dpkg-matcher",
    "searchKey": {
     "language": "java"
    },
    "matchedOn": {
     "constraint": "< 2.0.0"
    }
   },
   "artifact": {
    "name": "package-1",
    "version": "1.1.1",
    "type": "deb",
    "locations": [
     {
      "path": "/somefile-1.txt",
      "layerID": "sha256:e158b57d6f5a96ef5fd22f2fe76c70b5ba6ff5b2619f9d83125b2aad0492ac7b"
     }
    ],
    "language": "",
    "licenses": null,
    "cpes": null,
    "purl": ""
   }
  }
 ],
 "source": {
  "type": "image",
  "target": {
   "userInput": "user-input",
   "imageID": "sha256:2731251dc34951c0e50fcc643b4c5f74922dad1a5d98f302b504cf46cd5d9368",
   "manifestDigest": "sha256:79f5982abf18af54158ed48386c3bc18dcba70a2b0de6f75ed583505d4de673a",
   "mediaType": "application/vnd.docker.distribution.manifest.v2+json",
   "tags": [
    "stereoscope-fixture-image-simple:04e16e44161c8888a1a963720fd0443cbf7eef8101434c431de8725cd98cc9f7"
   ],
   "imageSize": 65,
   "scope": "AllLayers",
   "layers": [
    {
     "mediaType": "application/vnd.docker.image.rootfs.diff.tar.gzip",
     "digest": "sha256:e158b57d6f5a96ef5fd22f2fe76c70b5ba6ff5b2619f9d83125b2aad0492ac7b",
     "size": 22
    },
    {
     "mediaType": "application/vnd.docker.image.rootfs.diff.tar.gzip",
     "digest": "sha256:da21056e7bf4308ecea0c0836848a7fe92f38fdcf35bc09ee6d98e7ab7beeebf",
     "size": 16
    },
    {
     "mediaType": "application/vnd.docker.image.rootfs.diff.tar.gzip",
     "digest": "sha256:f0e18aa6032c24659a9c741fc36ca56f589782ea132061ccf6f52b952403da94",
     "size": 27
    }
   ],
   "manifest": "eyJzY2hlbWFWZXJzaW9uIjoyLCJtZWRpYVR5cGUiOiJhcHBsaWNhdGlvbi92bmQuZG9ja2VyLmRpc3RyaWJ1dGlvbi5tYW5pZmVzdC52Mitqc29uIiwiY29uZmlnIjp7Im1lZGlhVHlwZSI6ImFwcGxpY2F0aW9uL3ZuZC5kb2NrZXIuY29udGFpbmVyLmltYWdlLnYxK2pzb24iLCJzaXplIjoxODAxLCJkaWdlc3QiOiJzaGEyNTY6MjczMTI1MWRjMzQ5NTFjMGU1MGZjYzY0M2I0YzVmNzQ5MjJkYWQxYTVkOThmMzAyYjUwNGNmNDZjZDVkOTM2OCJ9LCJsYXllcnMiOlt7Im1lZGlhVHlwZSI6ImFwcGxpY2F0aW9uL3ZuZC5kb2NrZXIuaW1hZ2Uucm9vdGZzLmRpZmYudGFyLmd6aXAiLCJzaXplIjoyMDQ4LCJkaWdlc3QiOiJzaGEyNTY6ZTE1OGI1N2Q2ZjVhOTZlZjVmZDIyZjJmZTc2YzcwYjViYTZmZjViMjYxOWY5ZDgzMTI1YjJhYWQwNDkyYWM3YiJ9LHsibWVkaWFUeXBlIjoiYXBwbGljYXRpb24vdm5kLmRvY2tlci5pbWFnZS5yb290ZnMuZGlmZi50YXIuZ3ppcCIsInNpemUiOjIwNDgsImRpZ2VzdCI6InNoYTI1NjpkYTIxMDU2ZTdiZjQzMDhlY2VhMGMwODM2ODQ4YTdmZTkyZjM4ZmRjZjM1YmMwOWVlNmQ5OGU3YWI3YmVlZWJmIn0seyJtZWRpYVR5cGUiOiJhcHBsaWNhdGlvbi92bmQuZG9ja2VyLmltYWdlLnJvb3Rmcy5kaWZmLnRhci5nemlwIiwic2l6ZSI6MzU4NCwiZGlnZXN0Ijoic2hhMjU2OmYwZTE4YWE2MDMyYzI0NjU5YTljNzQxZmMzNmNhNTZmNTg5NzgyZWExMzIwNjFjY2Y2ZjUyYjk1MjQwM2RhOTQifV19",
   "config": "eyJhcmNoaXRlY3R1cmUiOiJhbWQ2NCIsImNvbmZpZyI6eyJIb3N0bmFtZSI6IiIsIkRvbWFpbm5hbWUiOiIiLCJVc2VyIjoiIiwiQXR0YWNoU3RkaW4iOmZhbHNlLCJBdHRhY2hTdGRvdXQiOmZhbHNlLCJBdHRhY2hTdGRlcnIiOmZhbHNlLCJUdHkiOmZhbHNlLCJPcGVuU3RkaW4iOmZhbHNlLCJTdGRpbk9uY2UiOmZhbHNlLCJFbnYiOlsiUEFUSD0vdXNyL2xvY2FsL3NiaW46L3Vzci9sb2NhbC9iaW46L3Vzci9zYmluOi91c3IvYmluOi9zYmluOi9iaW4iXSwiQ21kIjpudWxsLCJJbWFnZSI6InNoYTI1NjpiMjQ5NTQwZjc4NDFlMmQxYTVjOTA2NzBkODhhOTgzYmI2Njc3NDNlNTc1N2FmZWI3MzBkMTQ1ZjQyOGEwN2M0IiwiVm9sdW1lcyI6bnVsbCwiV29ya2luZ0RpciI6IiIsIkVudHJ5cG9pbnQiOm51bGwsIk9uQnVpbGQiOm51bGwsIkxhYmVscyI6bnVsbH0sImNvbnRhaW5lcl9jb25maWciOnsiSG9zdG5hbWUiOiIiLCJEb21haW5uYW1lIjoiIiwiVXNlciI6IiIsIkF0dGFjaFN0ZGluIjpmYWxzZSwiQXR0YWNoU3Rkb3V0IjpmYWxzZSwiQXR0YWNoU3RkZXJyIjpmYWxzZSwiVHR5IjpmYWxzZSwiT3BlblN0ZGluIjpmYWxzZSwiU3RkaW5PbmNlIjpmYWxzZSwiRW52IjpbIlBBVEg9L3Vzci9sb2NhbC9zYmluOi91c3IvbG9jYWwvYmluOi91c3Ivc2JpbjovdXNyL2Jpbjovc2JpbjovYmluIl0sIkNtZCI6WyIvYmluL3NoIiwiLWMiLCIjKG5vcCkgQUREIGRpcjpjOTM3YzZhYTUwODkwN2UyODUwOWI2NDRhMTJmOGQ2YzY3ZDM0ZTk2OWY4M2IxNGRlZTkzZWExN2Q3NjkwMjhhIGluIC8gIl0sIkltYWdlIjoic2hhMjU2OmIyNDk1NDBmNzg0MWUyZDFhNWM5MDY3MGQ4OGE5ODNiYjY2Nzc0M2U1NzU3YWZlYjczMGQxNDVmNDI4YTA3YzQiLCJWb2x1bWVzIjpudWxsLCJXb3JraW5nRGlyIjoiIiwiRW50cnlwb2ludCI6bnVsbCwiT25CdWlsZCI6bnVsbCwiTGFiZWxzIjpudWxsfSwiY3JlYXRlZCI6IjIwMjAtMDktMjNUMTE6NTI6NDMuMTI0NjY2OFoiLCJkb2NrZXJfdmVyc2lvbiI6IjE5LjAzLjEyIiwiaGlzdG9yeSI6W3siY3JlYXRlZCI6IjIwMjAtMDktMjNUMTE6NTI6NDIuODczMDEyNloiLCJjcmVhdGVkX2J5IjoiL2Jpbi9zaCAtYyAjKG5vcCkgQUREIGZpbGU6YWMzMmRhMjNkNTFlODAxZjAyZjkyNDEyM2VkMzA5OTBlYjNmMGZlYzFiOWVkNGYwYjA2YzI0ZTg4YjljMzY5NSBpbiAvc29tZWZpbGUtMS50eHQgIn0seyJjcmVhdGVkIjoiMjAyMC0wOS0yM1QxMTo1Mjo0Mi45ODY1OTg5WiIsImNyZWF0ZWRfYnkiOiIvYmluL3NoIC1jICMobm9wKSBBREQgZmlsZTpkZjNiNzQ0ZjU0YTliMTZiOWI5YWVkNDBlM2U5OGQ5Y2EyYjQ5ZjVhNzdkOWZhOGE5NzY5MGQ3YmFmNTg4ODIwIGluIC9zb21lZmlsZS0yLnR4dCAifSx7ImNyZWF0ZWQiOiIyMDIwLTA5LTIzVDExOjUyOjQzLjEyNDY2NjhaIiwiY3JlYXRlZF9ieSI6Ii9iaW4vc2ggLWMgIyhub3ApIEFERCBkaXI6YzkzN2M2YWE1MDg5MDdlMjg1MDliNjQ0YTEyZjhkNmM2N2QzNGU5NjlmODNiMTRkZWU5M2VhMTdkNzY5MDI4YSBpbiAvICJ9XSwib3MiOiJsaW51eCIsInJvb3RmcyI6eyJ0eXBlIjoibGF5ZXJzIiwiZGlmZl9pZHMiOlsic2hhMjU2OmUxNThiNTdkNmY1YTk2ZWY1ZmQyMmYyZmU3NmM3MGI1YmE2ZmY1YjI2MTlmOWQ4MzEyNWIyYWFkMDQ5MmFjN2IiLCJzaGEyNTY6ZGEyMTA1NmU3YmY0MzA4ZWNlYTBjMDgzNjg0OGE3ZmU5MmYzOGZkY2YzNWJjMDllZTZkOThlN2FiN2JlZWViZiIsInNoYTI1NjpmMGUxOGFhNjAzMmMyNDY1OWE5Yzc0MWZjMzZjYTU2ZjU4OTc4MmVhMTMyMDYxY2NmNmY1MmI5NTI0MDNkYTk0Il19fQ=="
  }
 },
 "distro": {
  "name": "centos",
  "version": "8.0",
  "idLike": "rhel"
 },
 "descriptor": {
  "name": "grype",
  "version": "[not provided]"
 }
}
