<?xml version="1.0" encoding="UTF-8"?>
<bom xmlns="http://cyclonedx.org/schema/bom/1.2" xmlns:bd="" xmlns:v="http://cyclonedx.org/schema/ext/vulnerability/1.0" version="1" serialNumber="urn:uuid:c646024d-b343-49ab-b9ed-2b28d84117d5">
  <metadata>
    <timestamp>2020-12-09T10:38:16-05:00</timestamp>
    <tools>
      <tool>
        <vendor>anchore</vendor>
        <name>grype</name>
        <version>[not provided]</version>
      </tool>
    </tools>
    <component type="file">
      <name>/some/path</name>
      <version></version>
    </component>
  </metadata>
  <components>
    <component type="library">
      <name>package-1</name>
      <version>1.0.1</version>
      <v:vulnerabilities>
        <v:vulnerability ref="urn:uuid:6d50b4ac-e809-4989-a91f-4e481994e250">
          <v:id>CVE-1999-0001</v:id>
          <v:source name="source-1">
            <v:url>http://cve.mitre.org/cgi-bin/cvename.cgi?name=CVE-1999-0001</v:url>
          </v:source>
          <v:ratings>
            <v:rating>
              <v:score>
                <v:base>4</v:base>
                <v:impact>0</v:impact>
                <v:exploitability>0</v:exploitability>
              </v:score>
              <v:severity>Low</v:severity>
              <v:method>CVSSv3</v:method>
              <v:vector>another vector</v:vector>
            </v:rating>
          </v:ratings>
          <v:description>1999-01 description</v:description>
          <v:advisories></v:advisories>
        </v:vulnerability>
        <v:vulnerability ref="urn:uuid:61f04f8b-e8d1-49c4-a204-bc1df8fc46d0">
          <v:id>CVE-1999-0002</v:id>
          <v:source name="source-2">
            <v:url>http://cve.mitre.org/cgi-bin/cvename.cgi?name=CVE-1999-0002</v:url>
          </v:source>
          <v:ratings>
            <v:rating>
              <v:score>
                <v:base>1</v:base>
                <v:impact>3</v:impact>
                <v:exploitability>2</v:exploitability>
              </v:score>
              <v:severity>Critical</v:severity>
              <v:method>CVSSv2</v:method>
              <v:vector>vector</v:vector>
            </v:rating>
          </v:ratings>
          <v:description>1999-02 description</v:description>
          <v:advisories></v:advisories>
        </v:vulnerability>
      </v:vulnerabilities>
    </component>
    <component type="library">
      <name>package-2</name>
      <version>2.0.1</version>
      <licenses>
        <license>
          <name>MIT</name>
        </license>
        <license>
          <name>Apache-v2</name>
        </license>
      </licenses>
    </component>
  </components>
</bom>